// Jest Snapshot v1, https://goo.gl/fbAQLP

exports[`renders 1`] = `
<DocumentFragment>
  <nav>
    <i
      class="fa-solid fa-earth-americas fa-2x"
    />
     
    <span
      class="navbar--title"
    >
      my travel journal.
    </span>
  </nav>
</DocumentFragment>
`;
