// Jest Snapshot v1, https://goo.gl/fbAQLP

exports[`renders 1`] = `
<DocumentFragment>
  <div
    class="card"
    data-testid="card"
  >
    <img
      class="card--image"
      src="https://source.unsplash.com/WLxQvbMyfas"
    />
    <div
      class="cardinfo"
    >
      <div
        class="cardinfo--location"
      >
        <i
          class="fa-solid fa-location-dot"
        />
        <span>
          JAPAN
        </span>
        <a
          href="https://goo.gl/maps/1DGM5WrWnATgkSNB8"
        >
          View On Google Maps
        </a>
      </div>
      <h1>
        Mount Fuji
      </h1>
      <div
        class="cardinfo--maintext"
      >
        <span
          class="cardinfo--maintext--date"
        >
          12 Jan, 2021 - 24 Jan, 2021
        </span>
        <span>
          Mount Fuji is the tallest mountain in Japan, standing at 3,776 meters (12,380 feet). Mount Fuji is the single most popular tourist site in Japan, for both Japanese and foreign tourists.
        </span>
      </div>
    </div>
  </div>
</DocumentFragment>
`;
